// Jest Snapshot v1, https://goo.gl/fbAQLP

exports[`Storyshots Button With Data 1`] = `
<div>
  <pre>
    {
    "data": "Hello Button"
}
  </pre>
</div>
`;
